Map:   0%|          | 0/5 [00:00<?, ? examples/s]Map: 100%|██████████| 5/5 [00:00<00:00, 786.19 examples/s]
Svt[info]: -------------------------------------------
Svt[info]: SVT [version]:	SVT-AV1 Encoder Lib v3.0.0
Svt[info]: SVT [build]  :	Apple LLVM 15.0.0 (clang-1500.3.9.4)	 64 bit
Svt[info]: LIB Build date: Jul  3 2025 03:06:26
Svt[info]: -------------------------------------------
Svt[warn]: Preset M12 is mapped to M10.
Svt[warn]: Instance 1: AQ mode 2 is unsupported with source dimensions (32 / 32), setting AQ mode to 0
Svt[warn]: Instance 1: Restoration Filtering is unsupported with source dimensions (32 / 32), disabling Restoration Filtering
Svt[warn]: TPL is disabled for aq_mode 0
Svt[info]: Level of Parallelism: 4
Svt[info]: Number of PPCS 42
Svt[info]: [asm level on system : up to neon_dotprod]
Svt[info]: [asm level selected : up to neon_dotprod]
Svt[info]: -------------------------------------------
Svt[info]: SVT [config]: main profile	tier (auto)	level (auto)
Svt[info]: SVT [config]: width / height / fps numerator / fps denominator 		: 32 / 32 / 10 / 1
Svt[info]: SVT [config]: bit-depth / color format 					: 8 / YUV420
Svt[info]: SVT [config]: preset / tune / pred struct 					: 10 / PSNR / random access
Svt[info]: SVT [config]: gop size / mini-gop size / key-frame type 			: 2 / 16 / key frame
Svt[info]: SVT [config]: BRC mode / CQP Assignment 					: CQP / 30 
Svt[info]: SVT [config]: AQ mode / variance boost 					: 0 / 0
Svt[info]: SVT [config]: sharpness / luminance-based QP bias 			: 0 / 0
Svt[info]: Svt[info]: -------------------------------------------
Map:   0%|          | 0/5 [00:00<?, ? examples/s]Map: 100%|██████████| 5/5 [00:00<00:00, 2177.73 examples/s]
Svt[info]: -------------------------------------------
Svt[info]: SVT [version]:	SVT-AV1 Encoder Lib v3.0.0
Svt[info]: SVT [build]  :	Apple LLVM 15.0.0 (clang-1500.3.9.4)	 64 bit
Svt[info]: LIB Build date: Jul  3 2025 03:06:26
Svt[info]: -------------------------------------------
Svt[warn]: Preset M12 is mapped to M10.
Svt[warn]: Instance 1: AQ mode 2 is unsupported with source dimensions (32 / 32), setting AQ mode to 0
Svt[warn]: Instance 1: Restoration Filtering is unsupported with source dimensions (32 / 32), disabling Restoration Filtering
Svt[warn]: TPL is disabled for aq_mode 0
Svt[info]: Level of Parallelism: 4
Svt[info]: Number of PPCS 42
Svt[info]: [asm level on system : up to neon_dotprod]
Svt[info]: [asm level selected : up to neon_dotprod]
Svt[info]: -------------------------------------------
Svt[info]: SVT [config]: main profile	tier (auto)	level (auto)
Svt[info]: SVT [config]: width / height / fps numerator / fps denominator 		: 32 / 32 / 10 / 1
Svt[info]: SVT [config]: bit-depth / color format 					: 8 / YUV420
Svt[info]: SVT [config]: preset / tune / pred struct 					: 10 / PSNR / random access
Svt[info]: SVT [config]: gop size / mini-gop size / key-frame type 			: 2 / 16 / key frame
Svt[info]: SVT [config]: BRC mode / CQP Assignment 					: CQP / 30 
Svt[info]: SVT [config]: AQ mode / variance boost 					: 0 / 0
Svt[info]: SVT [config]: sharpness / luminance-based QP bias 			: 0 / 0
Svt[info]: Svt[info]: -------------------------------------------
Map:   0%|          | 0/5 [00:00<?, ? examples/s]Map: 100%|██████████| 5/5 [00:00<00:00, 1976.95 examples/s]
Svt[info]: -------------------------------------------
Svt[info]: SVT [version]:	SVT-AV1 Encoder Lib v3.0.0
Svt[info]: SVT [build]  :	Apple LLVM 15.0.0 (clang-1500.3.9.4)	 64 bit
Svt[info]: LIB Build date: Jul  3 2025 03:06:26
Svt[info]: -------------------------------------------
Svt[warn]: Preset M12 is mapped to M10.
Svt[warn]: Instance 1: AQ mode 2 is unsupported with source dimensions (32 / 32), setting AQ mode to 0
Svt[warn]: Instance 1: Restoration Filtering is unsupported with source dimensions (32 / 32), disabling Restoration Filtering
Svt[warn]: TPL is disabled for aq_mode 0
Svt[info]: Level of Parallelism: 4
Svt[info]: Number of PPCS 42
Svt[info]: [asm level on system : up to neon_dotprod]
Svt[info]: [asm level selected : up to neon_dotprod]
Svt[info]: -------------------------------------------
Svt[info]: SVT [config]: main profile	tier (auto)	level (auto)
Svt[info]: SVT [config]: width / height / fps numerator / fps denominator 		: 32 / 32 / 10 / 1
Svt[info]: SVT [config]: bit-depth / color format 					: 8 / YUV420
Svt[info]: SVT [config]: preset / tune / pred struct 					: 10 / PSNR / random access
Svt[info]: SVT [config]: gop size / mini-gop size / key-frame type 			: 2 / 16 / key frame
Svt[info]: SVT [config]: BRC mode / CQP Assignment 					: CQP / 30 
Svt[info]: SVT [config]: AQ mode / variance boost 					: 0 / 0
Svt[info]: SVT [config]: sharpness / luminance-based QP bias 			: 0 / 0
Svt[info]: Svt[info]: -------------------------------------------
Map:   0%|          | 0/5 [00:00<?, ? examples/s]Map: 100%|██████████| 5/5 [00:00<00:00, 1971.56 examples/s]
Svt[info]: -------------------------------------------
Svt[info]: SVT [version]:	SVT-AV1 Encoder Lib v3.0.0
Svt[info]: SVT [build]  :	Apple LLVM 15.0.0 (clang-1500.3.9.4)	 64 bit
Svt[info]: LIB Build date: Jul  3 2025 03:06:26
Svt[info]: -------------------------------------------
Svt[warn]: Preset M12 is mapped to M10.
Svt[warn]: Instance 1: AQ mode 2 is unsupported with source dimensions (32 / 32), setting AQ mode to 0
Svt[warn]: Instance 1: Restoration Filtering is unsupported with source dimensions (32 / 32), disabling Restoration Filtering
Svt[warn]: TPL is disabled for aq_mode 0
Svt[info]: Level of Parallelism: 4
Svt[info]: Number of PPCS 42
Svt[info]: [asm level on system : up to neon_dotprod]
Svt[info]: [asm level selected : up to neon_dotprod]
Svt[info]: -------------------------------------------
Svt[info]: SVT [config]: main profile	tier (auto)	level (auto)
Svt[info]: SVT [config]: width / height / fps numerator / fps denominator 		: 32 / 32 / 10 / 1
Svt[info]: SVT [config]: bit-depth / color format 					: 8 / YUV420
Svt[info]: SVT [config]: preset / tune / pred struct 					: 10 / PSNR / random access
Svt[info]: SVT [config]: gop size / mini-gop size / key-frame type 			: 2 / 16 / key frame
Svt[info]: SVT [config]: BRC mode / CQP Assignment 					: CQP / 30 
Svt[info]: SVT [config]: AQ mode / variance boost 					: 0 / 0
Svt[info]: SVT [config]: sharpness / luminance-based QP bias 			: 0 / 0
Svt[info]: Svt[info]: -------------------------------------------
Map:   0%|          | 0/5 [00:00<?, ? examples/s]Map: 100%|██████████| 5/5 [00:00<00:00, 1746.32 examples/s]
Svt[info]: -------------------------------------------
Svt[info]: SVT [version]:	SVT-AV1 Encoder Lib v3.0.0
Svt[info]: SVT [build]  :	Apple LLVM 15.0.0 (clang-1500.3.9.4)	 64 bit
Svt[info]: LIB Build date: Jul  3 2025 03:06:26
Svt[info]: -------------------------------------------
Svt[warn]: Preset M12 is mapped to M10.
Svt[warn]: Instance 1: AQ mode 2 is unsupported with source dimensions (32 / 32), setting AQ mode to 0
Svt[warn]: Instance 1: Restoration Filtering is unsupported with source dimensions (32 / 32), disabling Restoration Filtering
Svt[warn]: TPL is disabled for aq_mode 0
Svt[info]: Level of Parallelism: 4
Svt[info]: Number of PPCS 42
Svt[info]: [asm level on system : up to neon_dotprod]
Svt[info]: [asm level selected : up to neon_dotprod]
Svt[info]: -------------------------------------------
Svt[info]: SVT [config]: main profile	tier (auto)	level (auto)
Svt[info]: SVT [config]: width / height / fps numerator / fps denominator 		: 32 / 32 / 10 / 1
Svt[info]: SVT [config]: bit-depth / color format 					: 8 / YUV420
Svt[info]: SVT [config]: preset / tune / pred struct 					: 10 / PSNR / random access
Svt[info]: SVT [config]: gop size / mini-gop size / key-frame type 			: 2 / 16 / key frame
Svt[info]: SVT [config]: BRC mode / CQP Assignment 					: CQP / 30 
Svt[info]: SVT [config]: AQ mode / variance boost 					: 0 / 0
Svt[info]: SVT [config]: sharpness / luminance-based QP bias 			: 0 / 0
Svt[info]: Svt[info]: -------------------------------------------
[swscaler @ 0x9c9700000] No accelerated colorspace conversion found from yuv420p to rgb24.
[swscaler @ 0x9c972c000] No accelerated colorspace conversion found from yuv420p to rgb24.
[swscaler @ 0x9c975c000] No accelerated colorspace conversion found from yuv420p to rgb24.
[swscaler @ 0x9c976c000] No accelerated colorspace conversion found from yuv420p to rgb24.
[swscaler @ 0x9c977c000] No accelerated colorspace conversion found from yuv420p to rgb24.
[swscaler @ 0x9c9ce8000] No accelerated colorspace conversion found from yuv420p to rgb24.
[swscaler @ 0x9c9e20000] No accelerated colorspace conversion found from yuv420p to rgb24.
[swscaler @ 0x9c9e30000] No accelerated colorspace conversion found from yuv420p to rgb24.
[swscaler @ 0x9c9e40000] No accelerated colorspace conversion found from yuv420p to rgb24.
[swscaler @ 0x9c9e50000] No accelerated colorspace conversion found from yuv420p to rgb24.
[swscaler @ 0x9c9e20000] No accelerated colorspace conversion found from yuv420p to rgb24.
[swscaler @ 0x9c9e30000] No accelerated colorspace conversion found from yuv420p to rgb24.
[swscaler @ 0x9c9e40000] No accelerated colorspace conversion found from yuv420p to rgb24.
{
  "temporary_cache": "/var/folders/8p/st8ljpz15750xhwk4jn4jtyw0000gr/T/lelab-repair-chunks-ohm7oqao",
  "message": "Recovered 2 episode(s) from an interrupted recording of repro/interrupted; 1 episode(s) were lost because the recording was cut short",
  "episodes": 2,
  "frames": 10,
  "video_chunk_indices": [
    0,
    1
  ],
  "repaired_image_mean": [
    [
      [
        0.46274509803924013
      ]
    ],
    [
      [
        0.46274509803924013
      ]
    ],
    [
      [
        0.46274509803924013
      ]
    ]
  ],
  "reference_image_mean": [
    [
      [
        0.29411764815449715
      ]
    ],
    [
      [
        0.29411764815449715
      ]
    ],
    [
      [
        0.29411764815449715
      ]
    ]
  ],
  "matches_reference": false,
  "last_frame_image_mean": 0.46274515986442566
}
Traceback (most recent call last):
  File "/Users/HCornier/Documents/Personal/LeRobot/lelab-repair-video-chunks-evidence/reproduce_repair.py", line 49, in <module>
    assert result["matches_reference"], "Repair statistics decode the wrong video chunk"
           ~~~~~~^^^^^^^^^^^^^^^^^^^^^
AssertionError: Repair statistics decode the wrong video chunk
